<?xml version="1.0" encoding="utf-8"?>
<TestRun id="89685d70-798e-46f2-9d60-19ae28b8cb5d" name="runneradmin@runnervmbkp6f 2026-09-17 04:34:30" runUser="runnervmbkp6f\runneradmin" xmlns="http://microsoft.com/schemas/VisualStudio/TeamTest/2010">
  <Times creation="2026-09-17T04:34:30.2646760+00:00" queuing="2026-09-17T04:34:30.2646761+00:00" start="2026-09-17T04:34:29.1392076+00:00" finish="2026-09-17T04:34:30.4014749+00:00" />
  <TestSettings name="default" id="f76f29b6-bf73-4b99-a1bd-998ad0be0eb1">
    <Deployment runDeploymentRoot="runneradmin_runnervmbkp6f_2026-09-17_04_34_30" />
  </TestSettings>
  <Results>
    <UnitTestResult executionId="e1b426a9-0d2c-4084-a9c7-3aa2051431eb" testId="b195b2f3-cef9-2e4d-16a6-0d5abdee69e3" testName="Inspection.Domain.Tests.OrdinaryTrayPlannerTests.Rejects_invalid_face_identifiers(invalid: &quot; &quot;)" computerName="runnervmbkp6f" duration="00:00:00.0000320" startTime="2026-09-17T04:34:30.2217549+00:00" endTime="2026-09-17T04:34:30.2218464+00:00" testType="13cdc9d9-ddb5-4fa4-a97d-d965ccfc6d4b" outcome="Passed" testListId="8c84fa94-04c1-424b-9868-57a2d4851a1d" relativeResultsDirectory="e1b426a9-0d2c-4084-a9c7-3aa2051431eb" />
    <UnitTestResult executionId="aaae16fa-d3ee-44f1-a806-5b7c3ede51e9" testId="f1dda52b-d233-e95b-4882-9936b92c5c83" testName="Inspection.Domain.Tests.OrdinaryTrayPlannerTests.Rejects_invalid_face_identifiers(invalid: &quot; f1&quot;)" computerName="runnervmbkp6f" duration="00:00:00.0001981" startTime="2026-09-17T04:34:30.2210934+00:00" endTime="2026-09-17T04:34:30.2211980+00:00" testType="13cdc9d9-ddb5-4fa4-a97d-d965ccfc6d4b" outcome="Passed" testListId="8c84fa94-04c1-424b-9868-57a2d4851a1d" relativeResultsDirectory="aaae16fa-d3ee-44f1-a806-5b7c3ede51e9" />
    <UnitTestResult executionId="59fb2909-0bde-41e7-9ae8-9fd9583e6b1b" testId="492fee63-3098-417d-d4c5-fb5e3c67ba4c" testName="Inspection.Domain.Tests.OrdinaryTrayPlannerTests.Rejects_invalid_face_identifiers(invalid: null)" computerName="runnervmbkp6f" duration="00:00:00.0000388" startTime="2026-09-17T04:34:30.2215095+00:00" endTime="2026-09-17T04:34:30.2215882+00:00" testType="13cdc9d9-ddb5-4fa4-a97d-d965ccfc6d4b" outcome="Passed" testListId="8c84fa94-04c1-424b-9868-57a2d4851a1d" relativeResultsDirectory="59fb2909-0bde-41e7-9ae8-9fd9583e6b1b" />
    <UnitTestResult executionId="7f0da44e-bcf9-4ca9-9736-0932f97e26ce" testId="ebdb82b3-29dd-6b97-1525-193c86c166ae" testName="Inspection.Domain.Tests.OrdinaryTrayPlannerTests.Rejects_invalid_part_identifiers(invalid: null)" computerName="runnervmbkp6f" duration="00:00:00.0000249" startTime="2026-09-17T04:34:30.2017439+00:00" endTime="2026-09-17T04:34:30.2018311+00:00" testType="13cdc9d9-ddb5-4fa4-a97d-d965ccfc6d4b" outcome="Passed" testListId="8c84fa94-04c1-424b-9868-57a2d4851a1d" relativeResultsDirectory="7f0da44e-bcf9-4ca9-9736-0932f97e26ce" />
    <UnitTestResult executionId="f1929b17-4342-4cef-9f91-4ba5e652e742" testId="01320553-e0f9-f4d0-99ab-376c0d2ff4bb" testName="Inspection.Domain.Tests.OrdinaryTrayPlannerTests.Rejects_null_collections" computerName="runnervmbkp6f" duration="00:00:00.0017773" startTime="2026-09-17T04:34:30.2226240+00:00" endTime="2026-09-17T04:34:30.2226989+00:00" testType="13cdc9d9-ddb5-4fa4-a97d-d965ccfc6d4b" outcome="Passed" testListId="8c84fa94-04c1-424b-9868-57a2d4851a1d" relativeResultsDirectory="f1929b17-4342-4cef-9f91-4ba5e652e742" />
    <UnitTestResult executionId="276496da-f872-4dd6-9f6e-bc54f9a3b9b0" testId="891e82af-0fb3-29ab-962f-47c0c037d4a8" testName="Inspection.Domain.Tests.OrdinaryTrayPlannerTests.Rejects_invalid_part_identifiers(invalid: &quot;p1 &quot;)" computerName="runnervmbkp6f" duration="00:00:00.0000316" startTime="2026-09-17T04:34:30.2014794+00:00" endTime="2026-09-17T04:34:30.2015622+00:00" testType="13cdc9d9-ddb5-4fa4-a97d-d965ccfc6d4b" outcome="Passed" testListId="8c84fa94-04c1-424b-9868-57a2d4851a1d" relativeResultsDirectory="276496da-f872-4dd6-9f6e-bc54f9a3b9b0" />
    <UnitTestResult executionId="940c70af-6a0e-42b1-aa20-84e8ad854844" testId="5888c5b7-1fdd-9d82-4f90-76fd84500508" testName="Inspection.Domain.Tests.OrdinaryTrayPlannerTests.Rejects_invalid_part_identifiers(invalid: &quot; &quot;)" computerName="runnervmbkp6f" duration="00:00:00.0002336" startTime="2026-09-17T04:34:30.2012663+00:00" endTime="2026-09-17T04:34:30.2013407+00:00" testType="13cdc9d9-ddb5-4fa4-a97d-d965ccfc6d4b" outcome="Passed" testListId="8c84fa94-04c1-424b-9868-57a2d4851a1d" relativeResultsDirectory="940c70af-6a0e-42b1-aa20-84e8ad854844" />
    <UnitTestResult executionId="3aac509c-997b-472e-9b0a-666efce51258" testId="9f820417-8f0c-d967-e6b9-a93c07497e41" testName="Inspection.Domain.Tests.OrdinaryTrayPlannerTests.Rejects_invalid_part_identifiers(invalid: &quot; p1&quot;)" computerName="runnervmbkp6f" duration="00:00:00.0000195" startTime="2026-09-17T04:34:30.2019955+00:00" endTime="2026-09-17T04:34:30.2020838+00:00" testType="13cdc9d9-ddb5-4fa4-a97d-d965ccfc6d4b" outcome="Passed" testListId="8c84fa94-04c1-424b-9868-57a2d4851a1d" relativeResultsDirectory="3aac509c-997b-472e-9b0a-666efce51258" />
    <UnitTestResult executionId="893ae90c-cd3c-45b4-b96f-b283fa204a26" testId="eacdae0b-5649-d855-d8b3-273d0c51cec0" testName="Inspection.Domain.Tests.OrdinaryTrayPlannerTests.Batches_whole_tray_by_camera_and_preserves_identity_across_faces" computerName="runnervmbkp6f" duration="00:00:00.0034142" startTime="2026-09-17T04:34:30.1993495+00:00" endTime="2026-09-17T04:34:30.1995081+00:00" testType="13cdc9d9-ddb5-4fa4-a97d-d965ccfc6d4b" outcome="Passed" testListId="8c84fa94-04c1-424b-9868-57a2d4851a1d" relativeResultsDirectory="893ae90c-cd3c-45b4-b96f-b283fa204a26" />
    <UnitTestResult executionId="b22dc0f5-da7c-4d30-8693-3caf819c034b" testId="eff5460b-bc20-8000-4371-57337658edc0" testName="Inspection.Domain.Tests.OrdinaryTrayPlannerTests.Rejects_undefined_camera_group" computerName="runnervmbkp6f" duration="00:00:00.0007917" startTime="2026-09-17T04:34:30.2022893+00:00" endTime="2026-09-17T04:34:30.2023760+00:00" testType="13cdc9d9-ddb5-4fa4-a97d-d965ccfc6d4b" outcome="Passed" testListId="8c84fa94-04c1-424b-9868-57a2d4851a1d" relativeResultsDirectory="b22dc0f5-da7c-4d30-8693-3caf819c034b" />
    <UnitTestResult executionId="436e7d67-3844-461a-a544-3235df94737c" testId="f8e02860-fd95-9442-7ecf-ef57e116f575" testName="Inspection.Domain.Tests.OrdinaryTrayPlannerTests.Rejects_empty_or_duplicate_parts_and_faces" computerName="runnervmbkp6f" duration="00:00:00.0009716" startTime="2026-09-17T04:34:30.2220516+00:00" endTime="2026-09-17T04:34:30.2221357+00:00" testType="13cdc9d9-ddb5-4fa4-a97d-d965ccfc6d4b" outcome="Passed" testListId="8c84fa94-04c1-424b-9868-57a2d4851a1d" relativeResultsDirectory="436e7d67-3844-461a-a544-3235df94737c" />
    <UnitTestResult executionId="04071501-c3d3-49b8-bbb3-6bfdbbc29920" testId="08678fd9-1902-0285-0ea0-70b972c0b322" testName="Inspection.Domain.Tests.OrdinaryTrayPlannerTests.Rejects_invalid_part_identifiers(invalid: &quot;&quot;)" computerName="runnervmbkp6f" duration="00:00:00.0012108" startTime="2026-09-17T04:34:30.2010141+00:00" endTime="2026-09-17T04:34:30.2011038+00:00" testType="13cdc9d9-ddb5-4fa4-a97d-d965ccfc6d4b" outcome="Passed" testListId="8c84fa94-04c1-424b-9868-57a2d4851a1d" relativeResultsDirectory="04071501-c3d3-49b8-bbb3-6bfdbbc29920" />
    <UnitTestResult executionId="49117aba-f667-4e39-a05d-f38087542767" testId="b91753d6-3976-cb0f-f62d-b17d0aefe8f1" testName="Inspection.Domain.Tests.OrdinaryTrayPlannerTests.Supports_more_parts_faces_and_cd_group_without_reordering_slots" computerName="runnervmbkp6f" duration="00:00:00.0308332" startTime="2026-09-17T04:34:30.1336715+00:00" endTime="2026-09-17T04:34:30.1804735+00:00" testType="13cdc9d9-ddb5-4fa4-a97d-d965ccfc6d4b" outcome="Passed" testListId="8c84fa94-04c1-424b-9868-57a2d4851a1d" relativeResultsDirectory="49117aba-f667-4e39-a05d-f38087542767" />
    <UnitTestResult executionId="20458c5d-c6fc-45cc-9050-adcbdd4cc7a2" testId="a0b9777d-1b70-5926-a799-adf6326fff4e" testName="Inspection.Domain.Tests.OrdinaryTrayPlannerTests.Rejects_invalid_face_identifiers(invalid: &quot;&quot;)" computerName="runnervmbkp6f" duration="00:00:00.0003152" startTime="2026-09-17T04:34:30.2025817+00:00" endTime="2026-09-17T04:34:30.2026599+00:00" testType="13cdc9d9-ddb5-4fa4-a97d-d965ccfc6d4b" outcome="Passed" testListId="8c84fa94-04c1-424b-9868-57a2d4851a1d" relativeResultsDirectory="20458c5d-c6fc-45cc-9050-adcbdd4cc7a2" />
    <UnitTestResult executionId="cb681aeb-60aa-4f63-9d5e-25f8255c41bc" testId="3882187e-d742-f444-fa38-2ed126931ea7" testName="Inspection.Domain.Tests.OrdinaryTrayPlannerTests.Input_mutation_cannot_change_published_plan" computerName="runnervmbkp6f" duration="00:00:00.0069407" startTime="2026-09-17T04:34:30.2223514+00:00" endTime="2026-09-17T04:34:30.2224318+00:00" testType="13cdc9d9-ddb5-4fa4-a97d-d965ccfc6d4b" outcome="Passed" testListId="8c84fa94-04c1-424b-9868-57a2d4851a1d" relativeResultsDirectory="cb681aeb-60aa-4f63-9d5e-25f8255c41bc" />
  </Results>
  <TestDefinitions>
    <UnitTest name="Inspection.Domain.Tests.OrdinaryTrayPlannerTests.Rejects_null_collections" storage="d:\a\x\x\backend\tests\inspection.domain.tests\bin\release\net10.0\inspection.domain.tests.dll" id="01320553-e0f9-f4d0-99ab-376c0d2ff4bb">
      <Execution id="f1929b17-4342-4cef-9f91-4ba5e652e742" />
      <TestMethod codeBase="D:\a\x\x\backend\tests\Inspection.Domain.Tests\bin\Release\net10.0\Inspection.Domain.Tests.dll" adapterTypeName="executor://xunit/VsTestRunner3/netcore/" className="Inspection.Domain.Tests.OrdinaryTrayPlannerTests" name="Rejects_null_collections" />
    </UnitTest>
    <UnitTest name="Inspection.Domain.Tests.OrdinaryTrayPlannerTests.Input_mutation_cannot_change_published_plan" storage="d:\a\x\x\backend\tests\inspection.domain.tests\bin\release\net10.0\inspection.domain.tests.dll" id="3882187e-d742-f444-fa38-2ed126931ea7">
      <Execution id="cb681aeb-60aa-4f63-9d5e-25f8255c41bc" />
      <TestMethod codeBase="D:\a\x\x\backend\tests\Inspection.Domain.Tests\bin\Release\net10.0\Inspection.Domain.Tests.dll" adapterTypeName="executor://xunit/VsTestRunner3/netcore/" className="Inspection.Domain.Tests.OrdinaryTrayPlannerTests" name="Input_mutation_cannot_change_published_plan" />
    </UnitTest>
    <UnitTest name="Inspection.Domain.Tests.OrdinaryTrayPlannerTests.Rejects_invalid_face_identifiers(invalid: &quot;&quot;)" storage="d:\a\x\x\backend\tests\inspection.domain.tests\bin\release\net10.0\inspection.domain.tests.dll" id="a0b9777d-1b70-5926-a799-adf6326fff4e">
      <Execution id="20458c5d-c6fc-45cc-9050-adcbdd4cc7a2" />
      <TestMethod codeBase="D:\a\x\x\backend\tests\Inspection.Domain.Tests\bin\Release\net10.0\Inspection.Domain.Tests.dll" adapterTypeName="executor://xunit/VsTestRunner3/netcore/" className="Inspection.Domain.Tests.OrdinaryTrayPlannerTests" name="Rejects_invalid_face_identifiers" />
    </UnitTest>
    <UnitTest name="Inspection.Domain.Tests.OrdinaryTrayPlannerTests.Rejects_undefined_camera_group" storage="d:\a\x\x\backend\tests\inspection.domain.tests\bin\release\net10.0\inspection.domain.tests.dll" id="eff5460b-bc20-8000-4371-57337658edc0">
      <Execution id="b22dc0f5-da7c-4d30-8693-3caf819c034b" />
      <TestMethod codeBase="D:\a\x\x\backend\tests\Inspection.Domain.Tests\bin\Release\net10.0\Inspection.Domain.Tests.dll" adapterTypeName="executor://xunit/VsTestRunner3/netcore/" className="Inspection.Domain.Tests.OrdinaryTrayPlannerTests" name="Rejects_undefined_camera_group" />
    </UnitTest>
    <UnitTest name="Inspection.Domain.Tests.OrdinaryTrayPlannerTests.Rejects_invalid_face_identifiers(invalid: null)" storage="d:\a\x\x\backend\tests\inspection.domain.tests\bin\release\net10.0\inspection.domain.tests.dll" id="492fee63-3098-417d-d4c5-fb5e3c67ba4c">
      <Execution id="59fb2909-0bde-41e7-9ae8-9fd9583e6b1b" />
      <TestMethod codeBase="D:\a\x\x\backend\tests\Inspection.Domain.Tests\bin\Release\net10.0\Inspection.Domain.Tests.dll" adapterTypeName="executor://xunit/VsTestRunner3/netcore/" className="Inspection.Domain.Tests.OrdinaryTrayPlannerTests" name="Rejects_invalid_face_identifiers" />
    </UnitTest>
    <UnitTest name="Inspection.Domain.Tests.OrdinaryTrayPlannerTests.Rejects_invalid_face_identifiers(invalid: &quot; &quot;)" storage="d:\a\x\x\backend\tests\inspection.domain.tests\bin\release\net10.0\inspection.domain.tests.dll" id="b195b2f3-cef9-2e4d-16a6-0d5abdee69e3">
      <Execution id="e1b426a9-0d2c-4084-a9c7-3aa2051431eb" />
      <TestMethod codeBase="D:\a\x\x\backend\tests\Inspection.Domain.Tests\bin\Release\net10.0\Inspection.Domain.Tests.dll" adapterTypeName="executor://xunit/VsTestRunner3/netcore/" className="Inspection.Domain.Tests.OrdinaryTrayPlannerTests" name="Rejects_invalid_face_identifiers" />
    </UnitTest>
    <UnitTest name="Inspection.Domain.Tests.OrdinaryTrayPlannerTests.Rejects_invalid_part_identifiers(invalid: &quot;p1 &quot;)" storage="d:\a\x\x\backend\tests\inspection.domain.tests\bin\release\net10.0\inspection.domain.tests.dll" id="891e82af-0fb3-29ab-962f-47c0c037d4a8">
      <Execution id="276496da-f872-4dd6-9f6e-bc54f9a3b9b0" />
      <TestMethod codeBase="D:\a\x\x\backend\tests\Inspection.Domain.Tests\bin\Release\net10.0\Inspection.Domain.Tests.dll" adapterTypeName="executor://xunit/VsTestRunner3/netcore/" className="Inspection.Domain.Tests.OrdinaryTrayPlannerTests" name="Rejects_invalid_part_identifiers" />
    </UnitTest>
    <UnitTest name="Inspection.Domain.Tests.OrdinaryTrayPlannerTests.Supports_more_parts_faces_and_cd_group_without_reordering_slots" storage="d:\a\x\x\backend\tests\inspection.domain.tests\bin\release\net10.0\inspection.domain.tests.dll" id="b91753d6-3976-cb0f-f62d-b17d0aefe8f1">
      <Execution id="49117aba-f667-4e39-a05d-f38087542767" />
      <TestMethod codeBase="D:\a\x\x\backend\tests\Inspection.Domain.Tests\bin\Release\net10.0\Inspection.Domain.Tests.dll" adapterTypeName="executor://xunit/VsTestRunner3/netcore/" className="Inspection.Domain.Tests.OrdinaryTrayPlannerTests" name="Supports_more_parts_faces_and_cd_group_without_reordering_slots" />
    </UnitTest>
    <UnitTest name="Inspection.Domain.Tests.OrdinaryTrayPlannerTests.Batches_whole_tray_by_camera_and_preserves_identity_across_faces" storage="d:\a\x\x\backend\tests\inspection.domain.tests\bin\release\net10.0\inspection.domain.tests.dll" id="eacdae0b-5649-d855-d8b3-273d0c51cec0">
      <Execution id="893ae90c-cd3c-45b4-b96f-b283fa204a26" />
      <TestMethod codeBase="D:\a\x\x\backend\tests\Inspection.Domain.Tests\bin\Release\net10.0\Inspection.Domain.Tests.dll" adapterTypeName="executor://xunit/VsTestRunner3/netcore/" className="Inspection.Domain.Tests.OrdinaryTrayPlannerTests" name="Batches_whole_tray_by_camera_and_preserves_identity_across_faces" />
    </UnitTest>
    <UnitTest name="Inspection.Domain.Tests.OrdinaryTrayPlannerTests.Rejects_invalid_part_identifiers(invalid: &quot; &quot;)" storage="d:\a\x\x\backend\tests\inspection.domain.tests\bin\release\net10.0\inspection.domain.tests.dll" id="5888c5b7-1fdd-9d82-4f90-76fd84500508">
      <Execution id="940c70af-6a0e-42b1-aa20-84e8ad854844" />
      <TestMethod codeBase="D:\a\x\x\backend\tests\Inspection.Domain.Tests\bin\Release\net10.0\Inspection.Domain.Tests.dll" adapterTypeName="executor://xunit/VsTestRunner3/netcore/" className="Inspection.Domain.Tests.OrdinaryTrayPlannerTests" name="Rejects_invalid_part_identifiers" />
    </UnitTest>
    <UnitTest name="Inspection.Domain.Tests.OrdinaryTrayPlannerTests.Rejects_invalid_part_identifiers(invalid: null)" storage="d:\a\x\x\backend\tests\inspection.domain.tests\bin\release\net10.0\inspection.domain.tests.dll" id="ebdb82b3-29dd-6b97-1525-193c86c166ae">
      <Execution id="7f0da44e-bcf9-4ca9-9736-0932f97e26ce" />
      <TestMethod codeBase="D:\a\x\x\backend\tests\Inspection.Domain.Tests\bin\Release\net10.0\Inspection.Domain.Tests.dll" adapterTypeName="executor://xunit/VsTestRunner3/netcore/" className="Inspection.Domain.Tests.OrdinaryTrayPlannerTests" name="Rejects_invalid_part_identifiers" />
    </UnitTest>
    <UnitTest name="Inspection.Domain.Tests.OrdinaryTrayPlannerTests.Rejects_empty_or_duplicate_parts_and_faces" storage="d:\a\x\x\backend\tests\inspection.domain.tests\bin\release\net10.0\inspection.domain.tests.dll" id="f8e02860-fd95-9442-7ecf-ef57e116f575">
      <Execution id="436e7d67-3844-461a-a544-3235df94737c" />
      <TestMethod codeBase="D:\a\x\x\backend\tests\Inspection.Domain.Tests\bin\Release\net10.0\Inspection.Domain.Tests.dll" adapterTypeName="executor://xunit/VsTestRunner3/netcore/" className="Inspection.Domain.Tests.OrdinaryTrayPlannerTests" name="Rejects_empty_or_duplicate_parts_and_faces" />
    </UnitTest>
    <UnitTest name="Inspection.Domain.Tests.OrdinaryTrayPlannerTests.Rejects_invalid_face_identifiers(invalid: &quot; f1&quot;)" storage="d:\a\x\x\backend\tests\inspection.domain.tests\bin\release\net10.0\inspection.domain.tests.dll" id="f1dda52b-d233-e95b-4882-9936b92c5c83">
      <Execution id="aaae16fa-d3ee-44f1-a806-5b7c3ede51e9" />
      <TestMethod codeBase="D:\a\x\x\backend\tests\Inspection.Domain.Tests\bin\Release\net10.0\Inspection.Domain.Tests.dll" adapterTypeName="executor://xunit/VsTestRunner3/netcore/" className="Inspection.Domain.Tests.OrdinaryTrayPlannerTests" name="Rejects_invalid_face_identifiers" />
    </UnitTest>
    <UnitTest name="Inspection.Domain.Tests.OrdinaryTrayPlannerTests.Rejects_invalid_part_identifiers(invalid: &quot;&quot;)" storage="d:\a\x\x\backend\tests\inspection.domain.tests\bin\release\net10.0\inspection.domain.tests.dll" id="08678fd9-1902-0285-0ea0-70b972c0b322">
      <Execution id="04071501-c3d3-49b8-bbb3-6bfdbbc29920" />
      <TestMethod codeBase="D:\a\x\x\backend\tests\Inspection.Domain.Tests\bin\Release\net10.0\Inspection.Domain.Tests.dll" adapterTypeName="executor://xunit/VsTestRunner3/netcore/" className="Inspection.Domain.Tests.OrdinaryTrayPlannerTests" name="Rejects_invalid_part_identifiers" />
    </UnitTest>
    <UnitTest name="Inspection.Domain.Tests.OrdinaryTrayPlannerTests.Rejects_invalid_part_identifiers(invalid: &quot; p1&quot;)" storage="d:\a\x\x\backend\tests\inspection.domain.tests\bin\release\net10.0\inspection.domain.tests.dll" id="9f820417-8f0c-d967-e6b9-a93c07497e41">
      <Execution id="3aac509c-997b-472e-9b0a-666efce51258" />
      <TestMethod codeBase="D:\a\x\x\backend\tests\Inspection.Domain.Tests\bin\Release\net10.0\Inspection.Domain.Tests.dll" adapterTypeName="executor://xunit/VsTestRunner3/netcore/" className="Inspection.Domain.Tests.OrdinaryTrayPlannerTests" name="Rejects_invalid_part_identifiers" />
    </UnitTest>
  </TestDefinitions>
  <TestEntries>
    <TestEntry testId="b195b2f3-cef9-2e4d-16a6-0d5abdee69e3" executionId="e1b426a9-0d2c-4084-a9c7-3aa2051431eb" testListId="8c84fa94-04c1-424b-9868-57a2d4851a1d" />
    <TestEntry testId="f1dda52b-d233-e95b-4882-9936b92c5c83" executionId="aaae16fa-d3ee-44f1-a806-5b7c3ede51e9" testListId="8c84fa94-04c1-424b-9868-57a2d4851a1d" />
    <TestEntry testId="492fee63-3098-417d-d4c5-fb5e3c67ba4c" executionId="59fb2909-0bde-41e7-9ae8-9fd9583e6b1b" testListId="8c84fa94-04c1-424b-9868-57a2d4851a1d" />
    <TestEntry testId="ebdb82b3-29dd-6b97-1525-193c86c166ae" executionId="7f0da44e-bcf9-4ca9-9736-0932f97e26ce" testListId="8c84fa94-04c1-424b-9868-57a2d4851a1d" />
    <TestEntry testId="01320553-e0f9-f4d0-99ab-376c0d2ff4bb" executionId="f1929b17-4342-4cef-9f91-4ba5e652e742" testListId="8c84fa94-04c1-424b-9868-57a2d4851a1d" />
    <TestEntry testId="891e82af-0fb3-29ab-962f-47c0c037d4a8" executionId="276496da-f872-4dd6-9f6e-bc54f9a3b9b0" testListId="8c84fa94-04c1-424b-9868-57a2d4851a1d" />
    <TestEntry testId="5888c5b7-1fdd-9d82-4f90-76fd84500508" executionId="940c70af-6a0e-42b1-aa20-84e8ad854844" testListId="8c84fa94-04c1-424b-9868-57a2d4851a1d" />
    <TestEntry testId="9f820417-8f0c-d967-e6b9-a93c07497e41" executionId="3aac509c-997b-472e-9b0a-666efce51258" testListId="8c84fa94-04c1-424b-9868-57a2d4851a1d" />
    <TestEntry testId="eacdae0b-5649-d855-d8b3-273d0c51cec0" executionId="893ae90c-cd3c-45b4-b96f-b283fa204a26" testListId="8c84fa94-04c1-424b-9868-57a2d4851a1d" />
    <TestEntry testId="eff5460b-bc20-8000-4371-57337658edc0" executionId="b22dc0f5-da7c-4d30-8693-3caf819c034b" testListId="8c84fa94-04c1-424b-9868-57a2d4851a1d" />
    <TestEntry testId="f8e02860-fd95-9442-7ecf-ef57e116f575" executionId="436e7d67-3844-461a-a544-3235df94737c" testListId="8c84fa94-04c1-424b-9868-57a2d4851a1d" />
    <TestEntry testId="08678fd9-1902-0285-0ea0-70b972c0b322" executionId="04071501-c3d3-49b8-bbb3-6bfdbbc29920" testListId="8c84fa94-04c1-424b-9868-57a2d4851a1d" />
    <TestEntry testId="b91753d6-3976-cb0f-f62d-b17d0aefe8f1" executionId="49117aba-f667-4e39-a05d-f38087542767" testListId="8c84fa94-04c1-424b-9868-57a2d4851a1d" />
    <TestEntry testId="a0b9777d-1b70-5926-a799-adf6326fff4e" executionId="20458c5d-c6fc-45cc-9050-adcbdd4cc7a2" testListId="8c84fa94-04c1-424b-9868-57a2d4851a1d" />
    <TestEntry testId="3882187e-d742-f444-fa38-2ed126931ea7" executionId="cb681aeb-60aa-4f63-9d5e-25f8255c41bc" testListId="8c84fa94-04c1-424b-9868-57a2d4851a1d" />
  </TestEntries>
  <TestLists>
    <TestList name="Results Not in a List" id="8c84fa94-04c1-424b-9868-57a2d4851a1d" />
    <TestList name="All Loaded Results" id="19431567-8539-422a-85d7-44ee4e166bda" />
  </TestLists>
  <ResultSummary outcome="Completed">
    <Counters total="15" executed="15" passed="15" failed="0" error="0" timeout="0" aborted="0" inconclusive="0" passedButRunAborted="0" notRunnable="0" notExecuted="0" disconnected="0" warning="0" completed="0" inProgress="0" pending="0" />
    <Output>
      <StdOut>[xUnit.net 00:00:00.00] xUnit.net VSTest Adapter v3.1.5+1b188a7b0a (64-bit .NET 10.0.12)&#xD;
[xUnit.net 00:00:00.16]   Discovering: Inspection.Domain.Tests&#xD;
[xUnit.net 00:00:00.25]   Discovered:  Inspection.Domain.Tests&#xD;
[xUnit.net 00:00:00.31]   Starting:    Inspection.Domain.Tests&#xD;
[xUnit.net 00:00:00.45]   Finished:    Inspection.Domain.Tests&#xD;
</StdOut>
    </Output>
  </ResultSummary>
</TestRun>