<?xml version="1.0" encoding="utf-8"?>
<TestRun id="36ce8873-7beb-424b-9093-04e2536dd891" name="@VM-0-12-ubuntu 2026-09-17 11:43:38" xmlns="http://microsoft.com/schemas/VisualStudio/TeamTest/2010">
  <Times creation="2026-09-17T11:43:38.5578832+08:00" queuing="2026-09-17T11:43:38.5578833+08:00" start="2026-09-17T11:43:37.0933840+08:00" finish="2026-09-17T11:43:38.7176059+08:00" />
  <TestSettings name="default" id="daecc3bb-2bc1-489b-a424-7ffdd73dcd98">
    <Deployment runDeploymentRoot="_VM-0-12-ubuntu_2026-09-17_11_43_38" />
  </TestSettings>
  <Results>
    <UnitTestResult executionId="a9e88420-d838-4145-a106-ca6f4f383350" testId="188ba48f-fdef-42a4-17a1-4f8078b364b5" testName="Inspection.Application.Tests.TrayWorkflowTests.Invalid_motion_outcome_cannot_be_treated_as_completion" computerName="VM-0-12-ubuntu" duration="00:00:00.0002407" startTime="2026-09-17T11:43:38.3150611+08:00" endTime="2026-09-17T11:43:38.3164053+08:00" testType="13cdc9d9-ddb5-4fa4-a97d-d965ccfc6d4b" outcome="Passed" testListId="8c84fa94-04c1-424b-9868-57a2d4851a1d" relativeResultsDirectory="a9e88420-d838-4145-a106-ca6f4f383350" />
    <UnitTestResult executionId="cac32d56-ab04-4e34-ad89-9a04d01ecda3" testId="a7b6c916-12e9-aabb-43ee-a87909c17cde" testName="Inspection.Application.Tests.TrayWorkflowTests.Missing_frame_marks_dependency_failure_but_next_safe_capture_continues" computerName="VM-0-12-ubuntu" duration="00:00:00.0081665" startTime="2026-09-17T11:43:38.3316476+08:00" endTime="2026-09-17T11:43:38.3391212+08:00" testType="13cdc9d9-ddb5-4fa4-a97d-d965ccfc6d4b" outcome="Passed" testListId="8c84fa94-04c1-424b-9868-57a2d4851a1d" relativeResultsDirectory="cac32d56-ab04-4e34-ad89-9a04d01ecda3" />
    <UnitTestResult executionId="10f3df70-823b-4cc4-9d19-f1523cb572d8" testId="aac43464-20b7-afa9-4a52-a456e1f2b613" testName="Inspection.Application.Tests.TrayWorkflowTests.Mixed_missing_frame_and_algorithm_failure_finish_as_technical_facts" computerName="VM-0-12-ubuntu" duration="00:00:00.0109042" startTime="2026-09-17T11:43:38.3210314+08:00" endTime="2026-09-17T11:43:38.3313877+08:00" testType="13cdc9d9-ddb5-4fa4-a97d-d965ccfc6d4b" outcome="Passed" testListId="8c84fa94-04c1-424b-9868-57a2d4851a1d" relativeResultsDirectory="10f3df70-823b-4cc4-9d19-f1523cb572d8" />
    <UnitTestResult executionId="d9f879ba-4afb-4392-bbf9-b689eb93b5f2" testId="0f9858e2-5f49-cc2a-dacd-447f9692b775" testName="Inspection.Application.Tests.TrayWorkflowTests.Rescan_missing_original_slot_stops_before_next_face_motion" computerName="VM-0-12-ubuntu" duration="00:00:00.0207206" startTime="2026-09-17T11:43:38.3130829+08:00" endTime="2026-09-17T11:43:38.3132406+08:00" testType="13cdc9d9-ddb5-4fa4-a97d-d965ccfc6d4b" outcome="Passed" testListId="8c84fa94-04c1-424b-9868-57a2d4851a1d" relativeResultsDirectory="d9f879ba-4afb-4392-bbf9-b689eb93b5f2" />
    <UnitTestResult executionId="ec73b3cc-433c-4d98-8cca-3bc5f5252225" testId="89699f93-7b7d-1478-eaeb-64879945495d" testName="Inspection.Application.Tests.MotionExecutionLaneTests.Single_lane_runs_only_one_device_action_and_unknown_blocks_queued_action" computerName="VM-0-12-ubuntu" duration="00:00:00.0111061" startTime="2026-09-17T11:43:38.5938626+08:00" endTime="2026-09-17T11:43:38.6064321+08:00" testType="13cdc9d9-ddb5-4fa4-a97d-d965ccfc6d4b" outcome="Passed" testListId="8c84fa94-04c1-424b-9868-57a2d4851a1d" relativeResultsDirectory="ec73b3cc-433c-4d98-8cca-3bc5f5252225" />
    <UnitTestResult executionId="e5087cff-0111-4236-a037-dd8400545ce9" testId="60ab4128-0842-8361-7791-50dec1411ebf" testName="Inspection.Application.Tests.TrayWorkflowTests.Motion_acceptance_is_not_completion_and_unknown_never_retries" computerName="VM-0-12-ubuntu" duration="00:00:00.0360083" startTime="2026-09-17T11:43:38.2328310+08:00" endTime="2026-09-17T11:43:38.2830554+08:00" testType="13cdc9d9-ddb5-4fa4-a97d-d965ccfc6d4b" outcome="Passed" testListId="8c84fa94-04c1-424b-9868-57a2d4851a1d" relativeResultsDirectory="e5087cff-0111-4236-a037-dd8400545ce9" />
    <UnitTestResult executionId="fd92a5f1-f4a4-4504-a522-fd7dfff9c9d2" testId="9f7e0c76-a174-1a15-c890-e689cb5115b4" testName="Inspection.Application.Tests.TrayWorkflowTests.Full_framework_order_preserves_part_identity_and_blocks_old_coordinates" computerName="VM-0-12-ubuntu" duration="00:00:00.0254084" startTime="2026-09-17T11:43:38.3394246+08:00" endTime="2026-09-17T11:43:38.3655284+08:00" testType="13cdc9d9-ddb5-4fa4-a97d-d965ccfc6d4b" outcome="Passed" testListId="8c84fa94-04c1-424b-9868-57a2d4851a1d" relativeResultsDirectory="fd92a5f1-f4a4-4504-a522-fd7dfff9c9d2" />
    <UnitTestResult executionId="8c38262a-d3a3-45af-af89-20636eebf17d" testId="80f8c926-da83-72e7-48b5-e424f1cd214a" testName="Inspection.Application.Tests.TrayWorkflowTests.Old_algorithm_can_finish_after_motion_failure_and_deadline_closes_rest" computerName="VM-0-12-ubuntu" duration="00:00:00.0123265" startTime="2026-09-17T11:43:38.3166345+08:00" endTime="2026-09-17T11:43:38.3203904+08:00" testType="13cdc9d9-ddb5-4fa4-a97d-d965ccfc6d4b" outcome="Passed" testListId="8c84fa94-04c1-424b-9868-57a2d4851a1d" relativeResultsDirectory="8c38262a-d3a3-45af-af89-20636eebf17d" />
    <UnitTestResult executionId="b0bee4da-042d-44da-ac6b-c5ce2aa4b8da" testId="1b09d7ab-b19d-6e54-75a9-c87188a48f88" testName="Inspection.Application.Tests.MotionExecutionLaneTests.Motion_deadline_marks_unknown_without_replaying_device_command" computerName="VM-0-12-ubuntu" duration="00:00:00.1646183" startTime="2026-09-17T11:43:38.4452871+08:00" endTime="2026-09-17T11:43:38.5934226+08:00" testType="13cdc9d9-ddb5-4fa4-a97d-d965ccfc6d4b" outcome="Passed" testListId="8c84fa94-04c1-424b-9868-57a2d4851a1d" relativeResultsDirectory="b0bee4da-042d-44da-ac6b-c5ce2aa4b8da" />
    <UnitTestResult executionId="9c18dd87-72b6-4e86-943a-71d666999f70" testId="2631571b-f4a5-a7e9-674c-ef62523eb36d" testName="Inspection.Application.Tests.MotionExecutionLaneTests.Two_completed_actions_are_serial_and_report_acceptance_before_completion" computerName="VM-0-12-ubuntu" duration="00:00:00.0382141" startTime="2026-09-17T11:43:38.3718176+08:00" endTime="2026-09-17T11:43:38.4180913+08:00" testType="13cdc9d9-ddb5-4fa4-a97d-d965ccfc6d4b" outcome="Passed" testListId="8c84fa94-04c1-424b-9868-57a2d4851a1d" relativeResultsDirectory="9c18dd87-72b6-4e86-943a-71d666999f70" />
    <UnitTestResult executionId="1b800d8e-ba99-4e91-bcd9-b676703cfa9e" testId="70b406b4-de7b-c1b2-7ae3-2a708c4d62b3" testName="Inspection.Application.Tests.TrayWorkflowTests.Preparation_requires_fresh_3d_f_code_and_unique_recipe" computerName="VM-0-12-ubuntu" duration="00:00:00.0012068" startTime="2026-09-17T11:43:38.3206983+08:00" endTime="2026-09-17T11:43:38.3208028+08:00" testType="13cdc9d9-ddb5-4fa4-a97d-d965ccfc6d4b" outcome="Passed" testListId="8c84fa94-04c1-424b-9868-57a2d4851a1d" relativeResultsDirectory="1b800d8e-ba99-4e91-bcd9-b676703cfa9e" />
  </Results>
  <TestDefinitions>
    <UnitTest name="Inspection.Application.Tests.MotionExecutionLaneTests.Single_lane_runs_only_one_device_action_and_unknown_blocks_queued_action" storage="/home/ubuntu/dzk/gaode/repo/backend/tests/inspection.application.tests/bin/release/net10.0/inspection.application.tests.dll" id="89699f93-7b7d-1478-eaeb-64879945495d">
      <Execution id="ec73b3cc-433c-4d98-8cca-3bc5f5252225" />
      <TestMethod codeBase="/home/ubuntu/dzk/gaode/repo/backend/tests/Inspection.Application.Tests/bin/Release/net10.0/Inspection.Application.Tests.dll" adapterTypeName="executor://xunit/VsTestRunner3/netcore/" className="Inspection.Application.Tests.MotionExecutionLaneTests" name="Single_lane_runs_only_one_device_action_and_unknown_blocks_queued_action" />
    </UnitTest>
    <UnitTest name="Inspection.Application.Tests.TrayWorkflowTests.Rescan_missing_original_slot_stops_before_next_face_motion" storage="/home/ubuntu/dzk/gaode/repo/backend/tests/inspection.application.tests/bin/release/net10.0/inspection.application.tests.dll" id="0f9858e2-5f49-cc2a-dacd-447f9692b775">
      <Execution id="d9f879ba-4afb-4392-bbf9-b689eb93b5f2" />
      <TestMethod codeBase="/home/ubuntu/dzk/gaode/repo/backend/tests/Inspection.Application.Tests/bin/Release/net10.0/Inspection.Application.Tests.dll" adapterTypeName="executor://xunit/VsTestRunner3/netcore/" className="Inspection.Application.Tests.TrayWorkflowTests" name="Rescan_missing_original_slot_stops_before_next_face_motion" />
    </UnitTest>
    <UnitTest name="Inspection.Application.Tests.TrayWorkflowTests.Old_algorithm_can_finish_after_motion_failure_and_deadline_closes_rest" storage="/home/ubuntu/dzk/gaode/repo/backend/tests/inspection.application.tests/bin/release/net10.0/inspection.application.tests.dll" id="80f8c926-da83-72e7-48b5-e424f1cd214a">
      <Execution id="8c38262a-d3a3-45af-af89-20636eebf17d" />
      <TestMethod codeBase="/home/ubuntu/dzk/gaode/repo/backend/tests/Inspection.Application.Tests/bin/Release/net10.0/Inspection.Application.Tests.dll" adapterTypeName="executor://xunit/VsTestRunner3/netcore/" className="Inspection.Application.Tests.TrayWorkflowTests" name="Old_algorithm_can_finish_after_motion_failure_and_deadline_closes_rest" />
    </UnitTest>
    <UnitTest name="Inspection.Application.Tests.MotionExecutionLaneTests.Two_completed_actions_are_serial_and_report_acceptance_before_completion" storage="/home/ubuntu/dzk/gaode/repo/backend/tests/inspection.application.tests/bin/release/net10.0/inspection.application.tests.dll" id="2631571b-f4a5-a7e9-674c-ef62523eb36d">
      <Execution id="9c18dd87-72b6-4e86-943a-71d666999f70" />
      <TestMethod codeBase="/home/ubuntu/dzk/gaode/repo/backend/tests/Inspection.Application.Tests/bin/Release/net10.0/Inspection.Application.Tests.dll" adapterTypeName="executor://xunit/VsTestRunner3/netcore/" className="Inspection.Application.Tests.MotionExecutionLaneTests" name="Two_completed_actions_are_serial_and_report_acceptance_before_completion" />
    </UnitTest>
    <UnitTest name="Inspection.Application.Tests.TrayWorkflowTests.Invalid_motion_outcome_cannot_be_treated_as_completion" storage="/home/ubuntu/dzk/gaode/repo/backend/tests/inspection.application.tests/bin/release/net10.0/inspection.application.tests.dll" id="188ba48f-fdef-42a4-17a1-4f8078b364b5">
      <Execution id="a9e88420-d838-4145-a106-ca6f4f383350" />
      <TestMethod codeBase="/home/ubuntu/dzk/gaode/repo/backend/tests/Inspection.Application.Tests/bin/Release/net10.0/Inspection.Application.Tests.dll" adapterTypeName="executor://xunit/VsTestRunner3/netcore/" className="Inspection.Application.Tests.TrayWorkflowTests" name="Invalid_motion_outcome_cannot_be_treated_as_completion" />
    </UnitTest>
    <UnitTest name="Inspection.Application.Tests.TrayWorkflowTests.Preparation_requires_fresh_3d_f_code_and_unique_recipe" storage="/home/ubuntu/dzk/gaode/repo/backend/tests/inspection.application.tests/bin/release/net10.0/inspection.application.tests.dll" id="70b406b4-de7b-c1b2-7ae3-2a708c4d62b3">
      <Execution id="1b800d8e-ba99-4e91-bcd9-b676703cfa9e" />
      <TestMethod codeBase="/home/ubuntu/dzk/gaode/repo/backend/tests/Inspection.Application.Tests/bin/Release/net10.0/Inspection.Application.Tests.dll" adapterTypeName="executor://xunit/VsTestRunner3/netcore/" className="Inspection.Application.Tests.TrayWorkflowTests" name="Preparation_requires_fresh_3d_f_code_and_unique_recipe" />
    </UnitTest>
    <UnitTest name="Inspection.Application.Tests.TrayWorkflowTests.Motion_acceptance_is_not_completion_and_unknown_never_retries" storage="/home/ubuntu/dzk/gaode/repo/backend/tests/inspection.application.tests/bin/release/net10.0/inspection.application.tests.dll" id="60ab4128-0842-8361-7791-50dec1411ebf">
      <Execution id="e5087cff-0111-4236-a037-dd8400545ce9" />
      <TestMethod codeBase="/home/ubuntu/dzk/gaode/repo/backend/tests/Inspection.Application.Tests/bin/Release/net10.0/Inspection.Application.Tests.dll" adapterTypeName="executor://xunit/VsTestRunner3/netcore/" className="Inspection.Application.Tests.TrayWorkflowTests" name="Motion_acceptance_is_not_completion_and_unknown_never_retries" />
    </UnitTest>
    <UnitTest name="Inspection.Application.Tests.TrayWorkflowTests.Missing_frame_marks_dependency_failure_but_next_safe_capture_continues" storage="/home/ubuntu/dzk/gaode/repo/backend/tests/inspection.application.tests/bin/release/net10.0/inspection.application.tests.dll" id="a7b6c916-12e9-aabb-43ee-a87909c17cde">
      <Execution id="cac32d56-ab04-4e34-ad89-9a04d01ecda3" />
      <TestMethod codeBase="/home/ubuntu/dzk/gaode/repo/backend/tests/Inspection.Application.Tests/bin/Release/net10.0/Inspection.Application.Tests.dll" adapterTypeName="executor://xunit/VsTestRunner3/netcore/" className="Inspection.Application.Tests.TrayWorkflowTests" name="Missing_frame_marks_dependency_failure_but_next_safe_capture_continues" />
    </UnitTest>
    <UnitTest name="Inspection.Application.Tests.TrayWorkflowTests.Mixed_missing_frame_and_algorithm_failure_finish_as_technical_facts" storage="/home/ubuntu/dzk/gaode/repo/backend/tests/inspection.application.tests/bin/release/net10.0/inspection.application.tests.dll" id="aac43464-20b7-afa9-4a52-a456e1f2b613">
      <Execution id="10f3df70-823b-4cc4-9d19-f1523cb572d8" />
      <TestMethod codeBase="/home/ubuntu/dzk/gaode/repo/backend/tests/Inspection.Application.Tests/bin/Release/net10.0/Inspection.Application.Tests.dll" adapterTypeName="executor://xunit/VsTestRunner3/netcore/" className="Inspection.Application.Tests.TrayWorkflowTests" name="Mixed_missing_frame_and_algorithm_failure_finish_as_technical_facts" />
    </UnitTest>
    <UnitTest name="Inspection.Application.Tests.MotionExecutionLaneTests.Motion_deadline_marks_unknown_without_replaying_device_command" storage="/home/ubuntu/dzk/gaode/repo/backend/tests/inspection.application.tests/bin/release/net10.0/inspection.application.tests.dll" id="1b09d7ab-b19d-6e54-75a9-c87188a48f88">
      <Execution id="b0bee4da-042d-44da-ac6b-c5ce2aa4b8da" />
      <TestMethod codeBase="/home/ubuntu/dzk/gaode/repo/backend/tests/Inspection.Application.Tests/bin/Release/net10.0/Inspection.Application.Tests.dll" adapterTypeName="executor://xunit/VsTestRunner3/netcore/" className="Inspection.Application.Tests.MotionExecutionLaneTests" name="Motion_deadline_marks_unknown_without_replaying_device_command" />
    </UnitTest>
    <UnitTest name="Inspection.Application.Tests.TrayWorkflowTests.Full_framework_order_preserves_part_identity_and_blocks_old_coordinates" storage="/home/ubuntu/dzk/gaode/repo/backend/tests/inspection.application.tests/bin/release/net10.0/inspection.application.tests.dll" id="9f7e0c76-a174-1a15-c890-e689cb5115b4">
      <Execution id="fd92a5f1-f4a4-4504-a522-fd7dfff9c9d2" />
      <TestMethod codeBase="/home/ubuntu/dzk/gaode/repo/backend/tests/Inspection.Application.Tests/bin/Release/net10.0/Inspection.Application.Tests.dll" adapterTypeName="executor://xunit/VsTestRunner3/netcore/" className="Inspection.Application.Tests.TrayWorkflowTests" name="Full_framework_order_preserves_part_identity_and_blocks_old_coordinates" />
    </UnitTest>
  </TestDefinitions>
  <TestEntries>
    <TestEntry testId="188ba48f-fdef-42a4-17a1-4f8078b364b5" executionId="a9e88420-d838-4145-a106-ca6f4f383350" testListId="8c84fa94-04c1-424b-9868-57a2d4851a1d" />
    <TestEntry testId="a7b6c916-12e9-aabb-43ee-a87909c17cde" executionId="cac32d56-ab04-4e34-ad89-9a04d01ecda3" testListId="8c84fa94-04c1-424b-9868-57a2d4851a1d" />
    <TestEntry testId="aac43464-20b7-afa9-4a52-a456e1f2b613" executionId="10f3df70-823b-4cc4-9d19-f1523cb572d8" testListId="8c84fa94-04c1-424b-9868-57a2d4851a1d" />
    <TestEntry testId="0f9858e2-5f49-cc2a-dacd-447f9692b775" executionId="d9f879ba-4afb-4392-bbf9-b689eb93b5f2" testListId="8c84fa94-04c1-424b-9868-57a2d4851a1d" />
    <TestEntry testId="89699f93-7b7d-1478-eaeb-64879945495d" executionId="ec73b3cc-433c-4d98-8cca-3bc5f5252225" testListId="8c84fa94-04c1-424b-9868-57a2d4851a1d" />
    <TestEntry testId="60ab4128-0842-8361-7791-50dec1411ebf" executionId="e5087cff-0111-4236-a037-dd8400545ce9" testListId="8c84fa94-04c1-424b-9868-57a2d4851a1d" />
    <TestEntry testId="9f7e0c76-a174-1a15-c890-e689cb5115b4" executionId="fd92a5f1-f4a4-4504-a522-fd7dfff9c9d2" testListId="8c84fa94-04c1-424b-9868-57a2d4851a1d" />
    <TestEntry testId="80f8c926-da83-72e7-48b5-e424f1cd214a" executionId="8c38262a-d3a3-45af-af89-20636eebf17d" testListId="8c84fa94-04c1-424b-9868-57a2d4851a1d" />
    <TestEntry testId="1b09d7ab-b19d-6e54-75a9-c87188a48f88" executionId="b0bee4da-042d-44da-ac6b-c5ce2aa4b8da" testListId="8c84fa94-04c1-424b-9868-57a2d4851a1d" />
    <TestEntry testId="2631571b-f4a5-a7e9-674c-ef62523eb36d" executionId="9c18dd87-72b6-4e86-943a-71d666999f70" testListId="8c84fa94-04c1-424b-9868-57a2d4851a1d" />
    <TestEntry testId="70b406b4-de7b-c1b2-7ae3-2a708c4d62b3" executionId="1b800d8e-ba99-4e91-bcd9-b676703cfa9e" testListId="8c84fa94-04c1-424b-9868-57a2d4851a1d" />
  </TestEntries>
  <TestLists>
    <TestList name="Results Not in a List" id="8c84fa94-04c1-424b-9868-57a2d4851a1d" />
    <TestList name="All Loaded Results" id="19431567-8539-422a-85d7-44ee4e166bda" />
  </TestLists>
  <ResultSummary outcome="Completed">
    <Counters total="11" executed="11" passed="11" failed="0" error="0" timeout="0" aborted="0" inconclusive="0" passedButRunAborted="0" notRunnable="0" notExecuted="0" disconnected="0" warning="0" completed="0" inProgress="0" pending="0" />
    <Output>
      <StdOut>[xUnit.net 00:00:00.00] xUnit.net VSTest Adapter v3.1.5+1b188a7b0a (64-bit .NET 10.0.12)
[xUnit.net 00:00:00.14]   Discovering: Inspection.Application.Tests
[xUnit.net 00:00:00.28]   Discovered:  Inspection.Application.Tests
[xUnit.net 00:00:00.44]   Starting:    Inspection.Application.Tests
[xUnit.net 00:00:00.89]   Finished:    Inspection.Application.Tests
</StdOut>
    </Output>
  </ResultSummary>
</TestRun>