<?xml version="1.0" encoding="utf-8"?>
<TestRun id="97ae1c1c-4e26-4d00-9d9a-286d0382a8d7" name="@runnervmlun5p 2026-09-17 04:33:56" xmlns="http://microsoft.com/schemas/VisualStudio/TeamTest/2010">
  <Times creation="2026-09-17T04:33:56.1590388+00:00" queuing="2026-09-17T04:33:56.1590389+00:00" start="2026-09-17T04:33:53.9213327+00:00" finish="2026-09-17T04:33:56.2557336+00:00" />
  <TestSettings name="default" id="c98cfdd6-1321-45bf-9c76-d5d638cb6b87">
    <Deployment runDeploymentRoot="_runnervmlun5p_2026-09-17_04_33_56" />
  </TestSettings>
  <Results>
    <UnitTestResult executionId="8b9cd6e6-0192-4c58-b68f-a3ae1de53cf5" testId="3882187e-d742-f444-fa38-2ed126931ea7" testName="Inspection.Domain.Tests.OrdinaryTrayPlannerTests.Input_mutation_cannot_change_published_plan" computerName="runnervmlun5p" duration="00:00:00.0112217" startTime="2026-09-17T04:33:55.9600861+00:00" endTime="2026-09-17T04:33:55.9601788+00:00" testType="13cdc9d9-ddb5-4fa4-a97d-d965ccfc6d4b" outcome="Passed" testListId="8c84fa94-04c1-424b-9868-57a2d4851a1d" relativeResultsDirectory="8b9cd6e6-0192-4c58-b68f-a3ae1de53cf5" />
    <UnitTestResult executionId="de9bc3b8-4e1d-44a0-8120-a86e7780bbe1" testId="f1dda52b-d233-e95b-4882-9936b92c5c83" testName="Inspection.Domain.Tests.OrdinaryTrayPlannerTests.Rejects_invalid_face_identifiers(invalid: &quot; f1&quot;)" computerName="runnervmlun5p" duration="00:00:00.0001652" startTime="2026-09-17T04:33:55.9588540+00:00" endTime="2026-09-17T04:33:55.9589814+00:00" testType="13cdc9d9-ddb5-4fa4-a97d-d965ccfc6d4b" outcome="Passed" testListId="8c84fa94-04c1-424b-9868-57a2d4851a1d" relativeResultsDirectory="de9bc3b8-4e1d-44a0-8120-a86e7780bbe1" />
    <UnitTestResult executionId="b663ce91-3ff8-466a-b30d-06ac75920d70" testId="a0b9777d-1b70-5926-a799-adf6326fff4e" testName="Inspection.Domain.Tests.OrdinaryTrayPlannerTests.Rejects_invalid_face_identifiers(invalid: &quot;&quot;)" computerName="runnervmlun5p" duration="00:00:00.0002356" startTime="2026-09-17T04:33:55.9017521+00:00" endTime="2026-09-17T04:33:55.9018376+00:00" testType="13cdc9d9-ddb5-4fa4-a97d-d965ccfc6d4b" outcome="Passed" testListId="8c84fa94-04c1-424b-9868-57a2d4851a1d" relativeResultsDirectory="b663ce91-3ff8-466a-b30d-06ac75920d70" />
    <UnitTestResult executionId="8ff6f1e4-dc20-4745-93c0-3e38db61762d" testId="891e82af-0fb3-29ab-962f-47c0c037d4a8" testName="Inspection.Domain.Tests.OrdinaryTrayPlannerTests.Rejects_invalid_part_identifiers(invalid: &quot;p1 &quot;)" computerName="runnervmlun5p" duration="00:00:00.0000374" startTime="2026-09-17T04:33:55.9006985+00:00" endTime="2026-09-17T04:33:55.9007736+00:00" testType="13cdc9d9-ddb5-4fa4-a97d-d965ccfc6d4b" outcome="Passed" testListId="8c84fa94-04c1-424b-9868-57a2d4851a1d" relativeResultsDirectory="8ff6f1e4-dc20-4745-93c0-3e38db61762d" />
    <UnitTestResult executionId="82c9d36e-6f2b-4a73-8edd-f538e27a59e3" testId="492fee63-3098-417d-d4c5-fb5e3c67ba4c" testName="Inspection.Domain.Tests.OrdinaryTrayPlannerTests.Rejects_invalid_face_identifiers(invalid: null)" computerName="runnervmlun5p" duration="00:00:00.0000210" startTime="2026-09-17T04:33:55.9593038+00:00" endTime="2026-09-17T04:33:55.9593794+00:00" testType="13cdc9d9-ddb5-4fa4-a97d-d965ccfc6d4b" outcome="Passed" testListId="8c84fa94-04c1-424b-9868-57a2d4851a1d" relativeResultsDirectory="82c9d36e-6f2b-4a73-8edd-f538e27a59e3" />
    <UnitTestResult executionId="87992acd-4709-4994-b5f2-a400706c6f77" testId="f8e02860-fd95-9442-7ecf-ef57e116f575" testName="Inspection.Domain.Tests.OrdinaryTrayPlannerTests.Rejects_empty_or_duplicate_parts_and_faces" computerName="runnervmlun5p" duration="00:00:00.0008320" startTime="2026-09-17T04:33:55.9598348+00:00" endTime="2026-09-17T04:33:55.9599072+00:00" testType="13cdc9d9-ddb5-4fa4-a97d-d965ccfc6d4b" outcome="Passed" testListId="8c84fa94-04c1-424b-9868-57a2d4851a1d" relativeResultsDirectory="87992acd-4709-4994-b5f2-a400706c6f77" />
    <UnitTestResult executionId="95fbd394-ca8d-4116-9b0a-cffb78eaaa6d" testId="eacdae0b-5649-d855-d8b3-273d0c51cec0" testName="Inspection.Domain.Tests.OrdinaryTrayPlannerTests.Batches_whole_tray_by_camera_and_preserves_identity_across_faces" computerName="runnervmlun5p" duration="00:00:00.0089946" startTime="2026-09-17T04:33:55.8920821+00:00" endTime="2026-09-17T04:33:55.8922429+00:00" testType="13cdc9d9-ddb5-4fa4-a97d-d965ccfc6d4b" outcome="Passed" testListId="8c84fa94-04c1-424b-9868-57a2d4851a1d" relativeResultsDirectory="95fbd394-ca8d-4116-9b0a-cffb78eaaa6d" />
    <UnitTestResult executionId="e4585a04-0064-4f25-91f9-28ed4d9685f4" testId="b91753d6-3976-cb0f-f62d-b17d0aefe8f1" testName="Inspection.Domain.Tests.OrdinaryTrayPlannerTests.Supports_more_parts_faces_and_cd_group_without_reordering_slots" computerName="runnervmlun5p" duration="00:00:00.0730658" startTime="2026-09-17T04:33:55.7407902+00:00" endTime="2026-09-17T04:33:55.8514618+00:00" testType="13cdc9d9-ddb5-4fa4-a97d-d965ccfc6d4b" outcome="Passed" testListId="8c84fa94-04c1-424b-9868-57a2d4851a1d" relativeResultsDirectory="e4585a04-0064-4f25-91f9-28ed4d9685f4" />
    <UnitTestResult executionId="3c988e6a-db65-4b4b-9e80-8968ac711e0a" testId="b195b2f3-cef9-2e4d-16a6-0d5abdee69e3" testName="Inspection.Domain.Tests.OrdinaryTrayPlannerTests.Rejects_invalid_face_identifiers(invalid: &quot; &quot;)" computerName="runnervmlun5p" duration="00:00:00.0000135" startTime="2026-09-17T04:33:55.9595419+00:00" endTime="2026-09-17T04:33:55.9596164+00:00" testType="13cdc9d9-ddb5-4fa4-a97d-d965ccfc6d4b" outcome="Passed" testListId="8c84fa94-04c1-424b-9868-57a2d4851a1d" relativeResultsDirectory="3c988e6a-db65-4b4b-9e80-8968ac711e0a" />
    <UnitTestResult executionId="4e8dae49-d83c-472a-94c3-52eeaca570b0" testId="08678fd9-1902-0285-0ea0-70b972c0b322" testName="Inspection.Domain.Tests.OrdinaryTrayPlannerTests.Rejects_invalid_part_identifiers(invalid: &quot;&quot;)" computerName="runnervmlun5p" duration="00:00:00.0040438" startTime="2026-09-17T04:33:55.9002696+00:00" endTime="2026-09-17T04:33:55.9003569+00:00" testType="13cdc9d9-ddb5-4fa4-a97d-d965ccfc6d4b" outcome="Passed" testListId="8c84fa94-04c1-424b-9868-57a2d4851a1d" relativeResultsDirectory="4e8dae49-d83c-472a-94c3-52eeaca570b0" />
    <UnitTestResult executionId="aab0262c-11ec-4b66-bd26-9573644cd3a4" testId="eff5460b-bc20-8000-4371-57337658edc0" testName="Inspection.Domain.Tests.OrdinaryTrayPlannerTests.Rejects_undefined_camera_group" computerName="runnervmlun5p" duration="00:00:00.0003456" startTime="2026-09-17T04:33:55.9014198+00:00" endTime="2026-09-17T04:33:55.9015190+00:00" testType="13cdc9d9-ddb5-4fa4-a97d-d965ccfc6d4b" outcome="Passed" testListId="8c84fa94-04c1-424b-9868-57a2d4851a1d" relativeResultsDirectory="aab0262c-11ec-4b66-bd26-9573644cd3a4" />
    <UnitTestResult executionId="f12b03c1-4921-43eb-a0b3-15a18a86be15" testId="5888c5b7-1fdd-9d82-4f90-76fd84500508" testName="Inspection.Domain.Tests.OrdinaryTrayPlannerTests.Rejects_invalid_part_identifiers(invalid: &quot; &quot;)" computerName="runnervmlun5p" duration="00:00:00.0002241" startTime="2026-09-17T04:33:55.9005034+00:00" endTime="2026-09-17T04:33:55.9005675+00:00" testType="13cdc9d9-ddb5-4fa4-a97d-d965ccfc6d4b" outcome="Passed" testListId="8c84fa94-04c1-424b-9868-57a2d4851a1d" relativeResultsDirectory="f12b03c1-4921-43eb-a0b3-15a18a86be15" />
    <UnitTestResult executionId="02c19653-a1e7-430a-a7b2-494240fe6087" testId="01320553-e0f9-f4d0-99ab-376c0d2ff4bb" testName="Inspection.Domain.Tests.OrdinaryTrayPlannerTests.Rejects_null_collections" computerName="runnervmlun5p" duration="00:00:00.0004602" startTime="2026-09-17T04:33:55.9603648+00:00" endTime="2026-09-17T04:33:55.9604417+00:00" testType="13cdc9d9-ddb5-4fa4-a97d-d965ccfc6d4b" outcome="Passed" testListId="8c84fa94-04c1-424b-9868-57a2d4851a1d" relativeResultsDirectory="02c19653-a1e7-430a-a7b2-494240fe6087" />
    <UnitTestResult executionId="475aaa75-23a3-42fa-8faf-536c0f346373" testId="9f820417-8f0c-d967-e6b9-a93c07497e41" testName="Inspection.Domain.Tests.OrdinaryTrayPlannerTests.Rejects_invalid_part_identifiers(invalid: &quot; p1&quot;)" computerName="runnervmlun5p" duration="00:00:00.0000127" startTime="2026-09-17T04:33:55.9011517+00:00" endTime="2026-09-17T04:33:55.9012264+00:00" testType="13cdc9d9-ddb5-4fa4-a97d-d965ccfc6d4b" outcome="Passed" testListId="8c84fa94-04c1-424b-9868-57a2d4851a1d" relativeResultsDirectory="475aaa75-23a3-42fa-8faf-536c0f346373" />
    <UnitTestResult executionId="27576073-a9ab-427e-a12a-5a3c50f6c234" testId="ebdb82b3-29dd-6b97-1525-193c86c166ae" testName="Inspection.Domain.Tests.OrdinaryTrayPlannerTests.Rejects_invalid_part_identifiers(invalid: null)" computerName="runnervmlun5p" duration="00:00:00.0000204" startTime="2026-09-17T04:33:55.9009450+00:00" endTime="2026-09-17T04:33:55.9010194+00:00" testType="13cdc9d9-ddb5-4fa4-a97d-d965ccfc6d4b" outcome="Passed" testListId="8c84fa94-04c1-424b-9868-57a2d4851a1d" relativeResultsDirectory="27576073-a9ab-427e-a12a-5a3c50f6c234" />
  </Results>
  <TestDefinitions>
    <UnitTest name="Inspection.Domain.Tests.OrdinaryTrayPlannerTests.Rejects_null_collections" storage="/home/runner/work/x/x/backend/tests/inspection.domain.tests/bin/release/net10.0/inspection.domain.tests.dll" id="01320553-e0f9-f4d0-99ab-376c0d2ff4bb">
      <Execution id="02c19653-a1e7-430a-a7b2-494240fe6087" />
      <TestMethod codeBase="/home/runner/work/x/x/backend/tests/Inspection.Domain.Tests/bin/Release/net10.0/Inspection.Domain.Tests.dll" adapterTypeName="executor://xunit/VsTestRunner3/netcore/" className="Inspection.Domain.Tests.OrdinaryTrayPlannerTests" name="Rejects_null_collections" />
    </UnitTest>
    <UnitTest name="Inspection.Domain.Tests.OrdinaryTrayPlannerTests.Input_mutation_cannot_change_published_plan" storage="/home/runner/work/x/x/backend/tests/inspection.domain.tests/bin/release/net10.0/inspection.domain.tests.dll" id="3882187e-d742-f444-fa38-2ed126931ea7">
      <Execution id="8b9cd6e6-0192-4c58-b68f-a3ae1de53cf5" />
      <TestMethod codeBase="/home/runner/work/x/x/backend/tests/Inspection.Domain.Tests/bin/Release/net10.0/Inspection.Domain.Tests.dll" adapterTypeName="executor://xunit/VsTestRunner3/netcore/" className="Inspection.Domain.Tests.OrdinaryTrayPlannerTests" name="Input_mutation_cannot_change_published_plan" />
    </UnitTest>
    <UnitTest name="Inspection.Domain.Tests.OrdinaryTrayPlannerTests.Rejects_invalid_face_identifiers(invalid: &quot;&quot;)" storage="/home/runner/work/x/x/backend/tests/inspection.domain.tests/bin/release/net10.0/inspection.domain.tests.dll" id="a0b9777d-1b70-5926-a799-adf6326fff4e">
      <Execution id="b663ce91-3ff8-466a-b30d-06ac75920d70" />
      <TestMethod codeBase="/home/runner/work/x/x/backend/tests/Inspection.Domain.Tests/bin/Release/net10.0/Inspection.Domain.Tests.dll" adapterTypeName="executor://xunit/VsTestRunner3/netcore/" className="Inspection.Domain.Tests.OrdinaryTrayPlannerTests" name="Rejects_invalid_face_identifiers" />
    </UnitTest>
    <UnitTest name="Inspection.Domain.Tests.OrdinaryTrayPlannerTests.Rejects_undefined_camera_group" storage="/home/runner/work/x/x/backend/tests/inspection.domain.tests/bin/release/net10.0/inspection.domain.tests.dll" id="eff5460b-bc20-8000-4371-57337658edc0">
      <Execution id="aab0262c-11ec-4b66-bd26-9573644cd3a4" />
      <TestMethod codeBase="/home/runner/work/x/x/backend/tests/Inspection.Domain.Tests/bin/Release/net10.0/Inspection.Domain.Tests.dll" adapterTypeName="executor://xunit/VsTestRunner3/netcore/" className="Inspection.Domain.Tests.OrdinaryTrayPlannerTests" name="Rejects_undefined_camera_group" />
    </UnitTest>
    <UnitTest name="Inspection.Domain.Tests.OrdinaryTrayPlannerTests.Rejects_invalid_face_identifiers(invalid: null)" storage="/home/runner/work/x/x/backend/tests/inspection.domain.tests/bin/release/net10.0/inspection.domain.tests.dll" id="492fee63-3098-417d-d4c5-fb5e3c67ba4c">
      <Execution id="82c9d36e-6f2b-4a73-8edd-f538e27a59e3" />
      <TestMethod codeBase="/home/runner/work/x/x/backend/tests/Inspection.Domain.Tests/bin/Release/net10.0/Inspection.Domain.Tests.dll" adapterTypeName="executor://xunit/VsTestRunner3/netcore/" className="Inspection.Domain.Tests.OrdinaryTrayPlannerTests" name="Rejects_invalid_face_identifiers" />
    </UnitTest>
    <UnitTest name="Inspection.Domain.Tests.OrdinaryTrayPlannerTests.Rejects_invalid_face_identifiers(invalid: &quot; &quot;)" storage="/home/runner/work/x/x/backend/tests/inspection.domain.tests/bin/release/net10.0/inspection.domain.tests.dll" id="b195b2f3-cef9-2e4d-16a6-0d5abdee69e3">
      <Execution id="3c988e6a-db65-4b4b-9e80-8968ac711e0a" />
      <TestMethod codeBase="/home/runner/work/x/x/backend/tests/Inspection.Domain.Tests/bin/Release/net10.0/Inspection.Domain.Tests.dll" adapterTypeName="executor://xunit/VsTestRunner3/netcore/" className="Inspection.Domain.Tests.OrdinaryTrayPlannerTests" name="Rejects_invalid_face_identifiers" />
    </UnitTest>
    <UnitTest name="Inspection.Domain.Tests.OrdinaryTrayPlannerTests.Rejects_invalid_part_identifiers(invalid: &quot;p1 &quot;)" storage="/home/runner/work/x/x/backend/tests/inspection.domain.tests/bin/release/net10.0/inspection.domain.tests.dll" id="891e82af-0fb3-29ab-962f-47c0c037d4a8">
      <Execution id="8ff6f1e4-dc20-4745-93c0-3e38db61762d" />
      <TestMethod codeBase="/home/runner/work/x/x/backend/tests/Inspection.Domain.Tests/bin/Release/net10.0/Inspection.Domain.Tests.dll" adapterTypeName="executor://xunit/VsTestRunner3/netcore/" className="Inspection.Domain.Tests.OrdinaryTrayPlannerTests" name="Rejects_invalid_part_identifiers" />
    </UnitTest>
    <UnitTest name="Inspection.Domain.Tests.OrdinaryTrayPlannerTests.Supports_more_parts_faces_and_cd_group_without_reordering_slots" storage="/home/runner/work/x/x/backend/tests/inspection.domain.tests/bin/release/net10.0/inspection.domain.tests.dll" id="b91753d6-3976-cb0f-f62d-b17d0aefe8f1">
      <Execution id="e4585a04-0064-4f25-91f9-28ed4d9685f4" />
      <TestMethod codeBase="/home/runner/work/x/x/backend/tests/Inspection.Domain.Tests/bin/Release/net10.0/Inspection.Domain.Tests.dll" adapterTypeName="executor://xunit/VsTestRunner3/netcore/" className="Inspection.Domain.Tests.OrdinaryTrayPlannerTests" name="Supports_more_parts_faces_and_cd_group_without_reordering_slots" />
    </UnitTest>
    <UnitTest name="Inspection.Domain.Tests.OrdinaryTrayPlannerTests.Batches_whole_tray_by_camera_and_preserves_identity_across_faces" storage="/home/runner/work/x/x/backend/tests/inspection.domain.tests/bin/release/net10.0/inspection.domain.tests.dll" id="eacdae0b-5649-d855-d8b3-273d0c51cec0">
      <Execution id="95fbd394-ca8d-4116-9b0a-cffb78eaaa6d" />
      <TestMethod codeBase="/home/runner/work/x/x/backend/tests/Inspection.Domain.Tests/bin/Release/net10.0/Inspection.Domain.Tests.dll" adapterTypeName="executor://xunit/VsTestRunner3/netcore/" className="Inspection.Domain.Tests.OrdinaryTrayPlannerTests" name="Batches_whole_tray_by_camera_and_preserves_identity_across_faces" />
    </UnitTest>
    <UnitTest name="Inspection.Domain.Tests.OrdinaryTrayPlannerTests.Rejects_invalid_part_identifiers(invalid: &quot; &quot;)" storage="/home/runner/work/x/x/backend/tests/inspection.domain.tests/bin/release/net10.0/inspection.domain.tests.dll" id="5888c5b7-1fdd-9d82-4f90-76fd84500508">
      <Execution id="f12b03c1-4921-43eb-a0b3-15a18a86be15" />
      <TestMethod codeBase="/home/runner/work/x/x/backend/tests/Inspection.Domain.Tests/bin/Release/net10.0/Inspection.Domain.Tests.dll" adapterTypeName="executor://xunit/VsTestRunner3/netcore/" className="Inspection.Domain.Tests.OrdinaryTrayPlannerTests" name="Rejects_invalid_part_identifiers" />
    </UnitTest>
    <UnitTest name="Inspection.Domain.Tests.OrdinaryTrayPlannerTests.Rejects_invalid_part_identifiers(invalid: null)" storage="/home/runner/work/x/x/backend/tests/inspection.domain.tests/bin/release/net10.0/inspection.domain.tests.dll" id="ebdb82b3-29dd-6b97-1525-193c86c166ae">
      <Execution id="27576073-a9ab-427e-a12a-5a3c50f6c234" />
      <TestMethod codeBase="/home/runner/work/x/x/backend/tests/Inspection.Domain.Tests/bin/Release/net10.0/Inspection.Domain.Tests.dll" adapterTypeName="executor://xunit/VsTestRunner3/netcore/" className="Inspection.Domain.Tests.OrdinaryTrayPlannerTests" name="Rejects_invalid_part_identifiers" />
    </UnitTest>
    <UnitTest name="Inspection.Domain.Tests.OrdinaryTrayPlannerTests.Rejects_empty_or_duplicate_parts_and_faces" storage="/home/runner/work/x/x/backend/tests/inspection.domain.tests/bin/release/net10.0/inspection.domain.tests.dll" id="f8e02860-fd95-9442-7ecf-ef57e116f575">
      <Execution id="87992acd-4709-4994-b5f2-a400706c6f77" />
      <TestMethod codeBase="/home/runner/work/x/x/backend/tests/Inspection.Domain.Tests/bin/Release/net10.0/Inspection.Domain.Tests.dll" adapterTypeName="executor://xunit/VsTestRunner3/netcore/" className="Inspection.Domain.Tests.OrdinaryTrayPlannerTests" name="Rejects_empty_or_duplicate_parts_and_faces" />
    </UnitTest>
    <UnitTest name="Inspection.Domain.Tests.OrdinaryTrayPlannerTests.Rejects_invalid_face_identifiers(invalid: &quot; f1&quot;)" storage="/home/runner/work/x/x/backend/tests/inspection.domain.tests/bin/release/net10.0/inspection.domain.tests.dll" id="f1dda52b-d233-e95b-4882-9936b92c5c83">
      <Execution id="de9bc3b8-4e1d-44a0-8120-a86e7780bbe1" />
      <TestMethod codeBase="/home/runner/work/x/x/backend/tests/Inspection.Domain.Tests/bin/Release/net10.0/Inspection.Domain.Tests.dll" adapterTypeName="executor://xunit/VsTestRunner3/netcore/" className="Inspection.Domain.Tests.OrdinaryTrayPlannerTests" name="Rejects_invalid_face_identifiers" />
    </UnitTest>
    <UnitTest name="Inspection.Domain.Tests.OrdinaryTrayPlannerTests.Rejects_invalid_part_identifiers(invalid: &quot;&quot;)" storage="/home/runner/work/x/x/backend/tests/inspection.domain.tests/bin/release/net10.0/inspection.domain.tests.dll" id="08678fd9-1902-0285-0ea0-70b972c0b322">
      <Execution id="4e8dae49-d83c-472a-94c3-52eeaca570b0" />
      <TestMethod codeBase="/home/runner/work/x/x/backend/tests/Inspection.Domain.Tests/bin/Release/net10.0/Inspection.Domain.Tests.dll" adapterTypeName="executor://xunit/VsTestRunner3/netcore/" className="Inspection.Domain.Tests.OrdinaryTrayPlannerTests" name="Rejects_invalid_part_identifiers" />
    </UnitTest>
    <UnitTest name="Inspection.Domain.Tests.OrdinaryTrayPlannerTests.Rejects_invalid_part_identifiers(invalid: &quot; p1&quot;)" storage="/home/runner/work/x/x/backend/tests/inspection.domain.tests/bin/release/net10.0/inspection.domain.tests.dll" id="9f820417-8f0c-d967-e6b9-a93c07497e41">
      <Execution id="475aaa75-23a3-42fa-8faf-536c0f346373" />
      <TestMethod codeBase="/home/runner/work/x/x/backend/tests/Inspection.Domain.Tests/bin/Release/net10.0/Inspection.Domain.Tests.dll" adapterTypeName="executor://xunit/VsTestRunner3/netcore/" className="Inspection.Domain.Tests.OrdinaryTrayPlannerTests" name="Rejects_invalid_part_identifiers" />
    </UnitTest>
  </TestDefinitions>
  <TestEntries>
    <TestEntry testId="3882187e-d742-f444-fa38-2ed126931ea7" executionId="8b9cd6e6-0192-4c58-b68f-a3ae1de53cf5" testListId="8c84fa94-04c1-424b-9868-57a2d4851a1d" />
    <TestEntry testId="f1dda52b-d233-e95b-4882-9936b92c5c83" executionId="de9bc3b8-4e1d-44a0-8120-a86e7780bbe1" testListId="8c84fa94-04c1-424b-9868-57a2d4851a1d" />
    <TestEntry testId="a0b9777d-1b70-5926-a799-adf6326fff4e" executionId="b663ce91-3ff8-466a-b30d-06ac75920d70" testListId="8c84fa94-04c1-424b-9868-57a2d4851a1d" />
    <TestEntry testId="891e82af-0fb3-29ab-962f-47c0c037d4a8" executionId="8ff6f1e4-dc20-4745-93c0-3e38db61762d" testListId="8c84fa94-04c1-424b-9868-57a2d4851a1d" />
    <TestEntry testId="492fee63-3098-417d-d4c5-fb5e3c67ba4c" executionId="82c9d36e-6f2b-4a73-8edd-f538e27a59e3" testListId="8c84fa94-04c1-424b-9868-57a2d4851a1d" />
    <TestEntry testId="f8e02860-fd95-9442-7ecf-ef57e116f575" executionId="87992acd-4709-4994-b5f2-a400706c6f77" testListId="8c84fa94-04c1-424b-9868-57a2d4851a1d" />
    <TestEntry testId="eacdae0b-5649-d855-d8b3-273d0c51cec0" executionId="95fbd394-ca8d-4116-9b0a-cffb78eaaa6d" testListId="8c84fa94-04c1-424b-9868-57a2d4851a1d" />
    <TestEntry testId="b91753d6-3976-cb0f-f62d-b17d0aefe8f1" executionId="e4585a04-0064-4f25-91f9-28ed4d9685f4" testListId="8c84fa94-04c1-424b-9868-57a2d4851a1d" />
    <TestEntry testId="b195b2f3-cef9-2e4d-16a6-0d5abdee69e3" executionId="3c988e6a-db65-4b4b-9e80-8968ac711e0a" testListId="8c84fa94-04c1-424b-9868-57a2d4851a1d" />
    <TestEntry testId="08678fd9-1902-0285-0ea0-70b972c0b322" executionId="4e8dae49-d83c-472a-94c3-52eeaca570b0" testListId="8c84fa94-04c1-424b-9868-57a2d4851a1d" />
    <TestEntry testId="eff5460b-bc20-8000-4371-57337658edc0" executionId="aab0262c-11ec-4b66-bd26-9573644cd3a4" testListId="8c84fa94-04c1-424b-9868-57a2d4851a1d" />
    <TestEntry testId="5888c5b7-1fdd-9d82-4f90-76fd84500508" executionId="f12b03c1-4921-43eb-a0b3-15a18a86be15" testListId="8c84fa94-04c1-424b-9868-57a2d4851a1d" />
    <TestEntry testId="01320553-e0f9-f4d0-99ab-376c0d2ff4bb" executionId="02c19653-a1e7-430a-a7b2-494240fe6087" testListId="8c84fa94-04c1-424b-9868-57a2d4851a1d" />
    <TestEntry testId="9f820417-8f0c-d967-e6b9-a93c07497e41" executionId="475aaa75-23a3-42fa-8faf-536c0f346373" testListId="8c84fa94-04c1-424b-9868-57a2d4851a1d" />
    <TestEntry testId="ebdb82b3-29dd-6b97-1525-193c86c166ae" executionId="27576073-a9ab-427e-a12a-5a3c50f6c234" testListId="8c84fa94-04c1-424b-9868-57a2d4851a1d" />
  </TestEntries>
  <TestLists>
    <TestList name="Results Not in a List" id="8c84fa94-04c1-424b-9868-57a2d4851a1d" />
    <TestList name="All Loaded Results" id="19431567-8539-422a-85d7-44ee4e166bda" />
  </TestLists>
  <ResultSummary outcome="Completed">
    <Counters total="15" executed="15" passed="15" failed="0" error="0" timeout="0" aborted="0" inconclusive="0" passedButRunAborted="0" notRunnable="0" notExecuted="0" disconnected="0" warning="0" completed="0" inProgress="0" pending="0" />
    <Output>
      <StdOut>[xUnit.net 00:00:00.00] xUnit.net VSTest Adapter v3.1.5+1b188a7b0a (64-bit .NET 10.0.12)
[xUnit.net 00:00:00.18]   Discovering: Inspection.Domain.Tests
[xUnit.net 00:00:00.33]   Discovered:  Inspection.Domain.Tests
[xUnit.net 00:00:00.40]   Starting:    Inspection.Domain.Tests
[xUnit.net 00:00:00.73]   Finished:    Inspection.Domain.Tests
</StdOut>
    </Output>
  </ResultSummary>
</TestRun>